// Jest Snapshot v1, https://goo.gl/fbAQLP

exports[`Pruebas en <GifGridItem /> debe de mostrar el compon ente correctamente 1`] = `
<div
  className="card animate__animated animate__fadeIn"
>
  <img
    alt="Este es el titulo"
    src="https://localhost/asdf.jpg"
  />
  <p>
    Este es el titulo
  </p>
</div>
`;
